// Jest Snapshot v1, https://goo.gl/fbAQLP

exports[`name test endpoint 1`] = `
Object {
  "valid": true,
  "validators": Object {
    "disposable": Object {
      "valid": true,
    },
    "mx": Object {
      "valid": true,
    },
    "regex": Object {
      "valid": true,
    },
    "smtp": Object {
      "valid": true,
    },
    "typo": Object {
      "valid": true,
    },
  },
}
`;

exports[`name test endpoint POST 1`] = `
Object {
  "valid": true,
  "validators": Object {
    "disposable": Object {
      "valid": true,
    },
    "mx": Object {
      "valid": true,
    },
    "regex": Object {
      "valid": true,
    },
    "smtp": Object {
      "valid": true,
    },
    "typo": Object {
      "valid": true,
    },
  },
}
`;
